../Core/Src/custom_timer.c:27:10:TIM_getSecs	0	static
../Core/Src/custom_timer.c:31:10:TIM_getMillis	8	static
../Core/Src/custom_timer.c:40:6:TIM_delay	16	static
../Core/Src/custom_timer.c:46:9:TIM_Fired	0	static
../Core/Src/custom_timer.c:63:6:TIMER_Start	8	static,ignoring_inline_asm
../Core/Src/custom_timer.c:83:6:TIMER_Init	40	static,ignoring_inline_asm
../Core/Src/custom_timer.c:91:6:LED1_setStatus	8	static
../Core/Src/custom_timer.c:103:6:LED1_Control	8	static
../Core/Src/custom_timer.c:246:6:TIMER_Error_Handler	0	static,ignoring_inline_asm
