../Core/Src/custom_uart.c:25:6:SERIAL0_Init	8	static,ignoring_inline_asm
../Core/Src/custom_uart.c:30:6:SERIAL0_Receive	8	static
../Core/Src/custom_uart.c:91:6:SERIAL0_BaudRate	0	static
../Core/Src/custom_uart.c:95:19:SERIAL0_available	0	static
../Core/Src/custom_uart.c:110:19:SERIAL0_read	32	static
../Core/Src/custom_uart.c:136:15:SERIAL0_send	8	static
../Core/Src/custom_uart.c:149:6:SERIAL0_clear	0	static
../Core/Src/custom_uart.c:153:9:SERIAL0_receiveUntil	16	static,ignoring_inline_asm
../Core/Src/custom_uart.c:170:6:HAL_UART_TxCpltCallback	0	static
../Core/Src/custom_uart.c:177:6:HAL_UART_RxCpltCallback	8	static
../Core/Src/custom_uart.c:190:6:HAL_UART_ErrorCallback	8	static
../Core/Src/custom_uart.c:198:6:UART_Error_Handler	0	static,ignoring_inline_asm
