../Core/Src/RFM69_Base.c:247:10:RFM69_getAddress	0	static
../Core/Src/RFM69_Base.c:349:6:RFM69_ACKRequested	0	static
../Core/Src/RFM69_Base.c:666:6:RFM69_unselect	8	static
../Core/Src/RFM69_Base.c:725:9:RFM69_getConfigReg	0	static
../Core/Src/RFM69_Base.c:762:9:RFM69_configRegError	0	static
../Core/Src/RFM69_Base.c:881:6:RFM69_setACKtime	0	static
../Core/Src/RFM69_Base.c:885:10:RFM69_getACKtime	0	static
../Core/Src/RFM69_Base.c:917:6:RFM69_TIMER_Start	8	static
../Core/Src/RFM69_Base.c:922:6:RFM69_TIMER_Stop	0	static
../Core/Src/RFM69_Base.c:927:9:RFM69_TIMER_Fired	8	static
../Core/Src/RFM69_Base.c:950:6:RFM69_RESET_SS	8	static
../Core/Src/RFM69_Base.c:658:6:RFM69_select	8	static
../Core/Src/RFM69_Base.c:954:6:RFM69_INIT_SS	0	static
../Core/Src/RFM69_Base.c:957:6:RFM69_INIT_RESET	0	static
../Core/Src/RFM69_Base.c:960:6:RFM69_WAIT_SPI	8	static
../Core/Src/RFM69_Base.c:631:9:RFM69_readReg	16	static
../Core/Src/RFM69_Base.c:186:10:RFM69_getFrequency	8	static
../Core/Src/RFM69_Base.c:712:6:RFM69_readConfigRegs	8	static
../Core/Src/RFM69_Base.c:646:6:RFM69_writeReg	8	static
../Core/Src/RFM69_Base.c:252:6:RFM69_setAddress	8	static
../Core/Src/RFM69_Base.c:263:6:RFM69_setNetwork	8	static
../Core/Src/RFM69_Base.c:271:6:RFM69_setPowerLevel	8	static
../Core/Src/RFM69_Base.c:618:9:RFM69_readRSSI	8	static
../Core/Src/RFM69_Base.c:677:6:RFM69_promiscuous	8	static
../Core/Src/RFM69_Base.c:682:6:RFM69_setHighPower	8	static
../Core/Src/RFM69_Base.c:691:6:RFM69_setHighPowerRegs	8	static
../Core/Src/RFM69_Base.c:208:6:RFM69_setMode	16	static
../Core/Src/RFM69_Base.c:243:6:RFM69_sleep	8	static
../Core/Src/RFM69_Base.c:277:6:RFM69_canSend	8	static
../Core/Src/RFM69_Base.c:192:6:RFM69_setFrequency	16	static
../Core/Src/RFM69_Base.c:563:6:RFM69_receiveBegin	8	static
../Core/Src/RFM69_Base.c:577:6:RFM69_receiveDone	16	static
../Core/Src/RFM69_Base.c:832:6:RFM69_receiveDone2	8	static
../Core/Src/RFM69_Base.c:342:6:RFM69_ACKReceived	8	static
../Core/Src/RFM69_Base.c:782:9:RFM69_readTemperature	16	static
../Core/Src/RFM69_Base.c:791:6:RFM69_rcCalibration	8	static
../Core/Src/RFM69_Base.c:797:6:RFM69_setChannel	16	static
../Core/Src/RFM69_Base.c:807:6:RFM69_hop	8	static
../Core/Src/RFM69_Base.c:812:6:RFM69_BroadcastRxEnabled	8	static
../Core/Src/RFM69_Base.c:860:6:RFM69_setRadio	24	static
../Core/Src/RFM69_Base.c:441:6:RFM69_ISR	32	static
../Core/Src/RFM69_Base.c:597:6:RFM69_encrypt	88	static
../Core/Src/RFM69_Base.c:84:6:RFM69_initialize	88	static
../Core/Src/RFM69_Base.c:846:6:RFM69_reInit	16	static
../Core/Src/RFM69_Base.c:890:6:RFM69_reset	8	static
../Core/Src/RFM69_Base.c:730:9:RFM69_checkConfigRegs	16	static
../Core/Src/RFM69_Base.c:773:6:RFM69_autoCheckConfigRegs	8	static
../Core/Src/RFM69_Base.c:968:6:RFM69_CLEAR_SPI	0	static
../Core/Src/RFM69_Base.c:972:6:RFM69_DISABLE_ISR	0	static
../Core/Src/RFM69_Base.c:976:6:RFM69_ENABLE_ISR	0	static
../Core/Src/RFM69_Base.c:980:6:RFM69_LED_ON	8	static
../Core/Src/RFM69_Base.c:985:6:RFM69_LED_OFF	8	static
../Core/Src/RFM69_Base.c:365:6:RFM69_sendFrame	104	static
../Core/Src/RFM69_Base.c:291:6:RFM69_send	40	static
../Core/Src/RFM69_Base.c:322:6:RFM69_sendWithRetry	48	static
../Core/Src/RFM69_Base.c:302:6:RFM69_sendDelay	40	static
../Core/Src/RFM69_Base.c:355:6:RFM69_sendACK	32	static
../Core/Src/RFM69_Base.c:904:6:RFM69_LED_CONTROL	8	static
../Core/Src/RFM69_Base.c:990:6:RFM69_LED_TOGGLE	8	static
