../Core/Src/sse_util.c:11:10:CRC_16	20	static
../Core/Src/sse_util.c:41:9:IntToHexU8	16	static
../Core/Src/sse_util.c:68:10:HexU8ToINT	20	static
../Core/Src/sse_util.c:81:6:HexU8ToASCII	0	static
../Core/Src/sse_util.c:111:6:HexU8ToString	24	static
../Core/Src/sse_util.c:125:6:IntToString	24	static
../Core/Src/sse_util.c:138:6:IntToASCII	16	static
../Core/Src/sse_util.c:147:9:ASCII2ToHexU8	0	static
../Core/Src/sse_util.c:175:9:ASCII2ToIntU8	8	static
../Core/Src/sse_util.c:189:10:ASCII2ToIntU16	12	static
../Core/Src/sse_util.c:203:10:ASCII2ToIntU32	12	static
../Core/Src/sse_util.c:217:6:StringToHex	24	static
../Core/Src/sse_util.c:228:7:createHexU8toDouble	8	static
../Core/Src/sse_util.c:241:7:createHexU8toFloat	16	static
../Core/Src/sse_util.c:295:6:SSE_Hex32ToStringCat	56	static
