../Core/Src/SSEMesh.c:246:6:SSEMesh_checkValidParameters	0	static
../Core/Src/SSEMesh.c:266:9:SSEMesh_getDayComm	0	static
../Core/Src/SSEMesh.c:323:9:SSEMesh_ReceivedPacket	0	static
../Core/Src/SSEMesh.c:329:9:SSEMesh_toSend	8	static
../Core/Src/SSEMesh.c:344:9:SSEMesh_toSendAck	8	static
../Core/Src/SSEMesh.c:359:9:SSEMesh_ReceivedMeshPacket	32	static
../Core/Src/SSEMesh.c:443:6:SSEMesh_SendOldBroadcast	16	static
../Core/Src/SSEMesh.c:450:6:SSEMesh_InstantSend	128	static
../Core/Src/SSEMesh.c:541:9:SSEMesh_Loop_SendAck	24	static
../Core/Src/SSEMesh.c:985:6:SSEMesh_receiveDone	0	static
../Core/Src/SSEMesh.c:1000:6:SSEMesh_AddPacket	40	static
../Core/Src/SSEMesh.c:381:9:SSEMesh_SendPacket	48	static
../Core/Src/SSEMesh.c:429:9:SSEMesh_SendDataBroadcast	32	static
../Core/Src/SSEMesh.c:436:9:SSEMesh_SendDataBroadcastDirect	32	static
../Core/Src/SSEMesh.c:1020:6:SSEMesh_AddAckPacket	0	static
../Core/Src/SSEMesh.c:506:9:SSEMesh_SendAck	8	static
../Core/Src/SSEMesh.c:1027:6:SSEMesh_RemovePacket	8	static
../Core/Src/SSEMesh.c:522:6:SSEMesh_checkAck	32	static
../Core/Src/SSEMesh.c:561:9:SSEMesh_Loop_Send	24	static
../Core/Src/SSEMesh.c:1032:6:SSEMesh_Attach	32	static
../Core/Src/SSEMesh.c:1053:6:SSEMesh_setALLOW_GATEWAY_RESET	0	static
../Core/Src/SSEMesh.c:1064:9:SSEMesh_getALLOW_GATEWAY_RESET	0	static
../Core/Src/SSEMesh.c:1069:6:SSEMesh_setAcceptRSSI	0	static
../Core/Src/SSEMesh.c:1073:9:SSEMesh_getAcceptRSSI	0	static
../Core/Src/SSEMesh.c:1078:6:SSEMesh_setLayerPenalty	0	static
../Core/Src/SSEMesh.c:1082:9:SSEMesh_getLayerPenalty	0	static
../Core/Src/SSEMesh.c:1087:6:SSEMesh_sinalizeGateway	32	static
../Core/Src/SSEMesh.c:1096:6:SSEMesh_InitGateways	0	static
../Core/Src/SSEMesh.c:1190:9:SSEMesh_getvalidGateway	0	static
../Core/Src/SSEMesh.c:401:9:SSEMesh_SendDataGateway	40	static
../Core/Src/SSEMesh.c:1198:6:SSEMesh_removeGateway	8	static
../Core/Src/SSEMesh.c:1041:6:SSEMesh_ResetAttach	16	static
../Core/Src/SSEMesh.c:605:6:SSEMesh_listUpdate	24	static
../Core/Src/SSEMesh.c:1207:10:SSEMesh_getGateway	0	static
../Core/Src/SSEMesh.c:1212:6:SSEMesh_setGateway	8	static
../Core/Src/SSEMesh.c:1227:6:SSEMesh_setLayer	0	static
../Core/Src/SSEMesh.c:1232:10:SSEMesh_getLayer	0	static
../Core/Src/SSEMesh.c:1237:6:SSEMesh_resetTableRoutes	8	static
../Core/Src/SSEMesh.c:237:6:SSEMesh_Init_DataFlash	8	static
../Core/Src/SSEMesh.c:1150:9:SSEMesh_calcGateway	32	static
../Core/Src/SSEMesh.c:654:6:SSEMesh_attachControl	16	static
../Core/Src/SSEMesh.c:1243:9:SSEMesh_addRoute	20	static
../Core/Src/SSEMesh.c:1271:10:SSEMesh_getRoute	12	static
../Core/Src/SSEMesh.c:475:10:SSEMesh_SendData	40	static
../Core/Src/SSEMesh.c:493:9:SSEMesh_SendDataReply	16	static
../Core/Src/SSEMesh.c:1285:9:SSEMesh_checkRoute	0	static
../Core/Src/SSEMesh.c:1107:6:SSEMesh_AddGateway	24	static
../Core/Src/SSEMesh.c:1302:6:SSEMesh_sendLastTableRoute	48	static
../Core/Src/SSEMesh.c:1325:6:SSEMesh_sendTableRoutes	56	static
../Core/Src/SSEMesh.c:1352:6:SSEMesh_getTableRoute	0	static
../Core/Src/SSEMesh.c:1359:6:SSEMesh_getTableRoute8	0	static
../Core/Src/SSEMesh.c:1370:9:SSEMesh_getTableUpdate	0	static
../Core/Src/SSEMesh.c:1374:6:SSEMesh_clearTableUpdate	0	static
../Core/Src/SSEMesh.c:1378:6:SSEMesh_initTableUpdate	8	static
../Core/Src/SSEMesh.c:95:9:SSEMesh_Init	56	static
../Core/Src/SSEMesh.c:1384:6:SSEMesh_sendSync	104	static
../Core/Src/SSEMesh.c:589:6:SSEMesh_Sync	16	static
../Core/Src/SSEMesh.c:1398:9:SSEMesh_CheckReBroadcast	8	static
../Core/Src/SSEMesh.c:1414:6:SSEMesh_AddReBroadcast	16	static
../Core/Src/SSEMesh.c:705:6:SSEMesh_processPacket	64	static
../Core/Src/SSEMesh.c:277:6:SSEMesh_Loop	16	static
../Core/Src/SSEMesh.c:1424:9:SSEMesh_getFlashControl	0	static
../Core/Src/SSEMesh.c:1428:6:SSEMesh_setFlashControl	0	static
