../Core/Src/st7789.c:42:13:ST7789_WriteCommand	24	static
../Core/Src/st7789.c:88:13:ST7789_WriteSmallData	24	static
../Core/Src/st7789.c:56:13:ST7789_WriteData	24	static
../Core/Src/st7789.c:137:13:ST7789_SetAddressWindow	48	static
../Core/Src/st7789.c:96:13:ST7789_pushBlock	24	dynamic
../Core/Src/st7789.c:111:6:ST7789_SetRotation	8	static
../Core/Src/st7789.c:166:6:ST7789_Init	32	static
../Core/Src/st7789.c:227:6:ST7789_Fill_Color	16	static
../Core/Src/st7789.c:258:6:ST7789_DrawPixel	24	static
../Core/Src/st7789.c:277:6:ST7789_Fill	40	static
../Core/Src/st7789.c:299:6:ST7789_DrawLine	48	static
../Core/Src/st7789.c:350:6:ST7789_fillRect	24	static
../Core/Src/st7789.c:369:6:ST7789_DrawRectangle	40	static
../Core/Src/st7789.c:388:10:ST7789_WriteChar	96	static
../Core/Src/st7789.c:605:6:ST7789_WriteString	56	static
../Core/Src/st7789.c:623:6:ST7789_DrawFilledCircle	64	static
../Core/Src/st7789.c:662:6:ST7789_Test	40	static
../Core/Src/st7789.c:680:6:ST7789_Test_2	40	static
../Core/Src/st7789.c:689:6:ST7789_Test_3	40	static
